// Jest Snapshot v1, https://goo.gl/fbAQLP

exports[`ssm-parameter-reader 1`] = `
Object {
  "Parameters": Any<Object>,
  "Resources": Object {
    "AWS679f53fac002430cb0da5b7982bd22872D164C4C": Object {
      "DependsOn": Array [
        "AWS679f53fac002430cb0da5b7982bd2287ServiceRoleC1EA0FF2",
      ],
      "Properties": Object {
        "Code": Any<Object>,
        "Handler": "index.handler",
        "Role": Object {
          "Fn::GetAtt": Array [
            "AWS679f53fac002430cb0da5b7982bd2287ServiceRoleC1EA0FF2",
            "Arn",
          ],
        },
        "Runtime": "nodejs12.x",
        "Timeout": 120,
      },
      "Type": "AWS::Lambda::Function",
    },
    "AWS679f53fac002430cb0da5b7982bd2287ServiceRoleC1EA0FF2": Object {
      "Properties": Object {
        "AssumeRolePolicyDocument": Object {
          "Statement": Array [
            Object {
              "Action": "sts:AssumeRole",
              "Effect": "Allow",
              "Principal": Object {
                "Service": "lambda.amazonaws.com",
              },
            },
          ],
          "Version": "2012-10-17",
        },
        "ManagedPolicyArns": Array [
          Object {
            "Fn::Join": Array [
              "",
              Array [
                "arn:",
                Object {
                  "Ref": "AWS::Partition",
                },
                ":iam::aws:policy/service-role/AWSLambdaBasicExecutionRole",
              ],
            ],
          },
        ],
      },
      "Type": "AWS::IAM::Role",
    },
    "ParamReaderCustomResourcePolicy6D6224AD": Object {
      "Properties": Object {
        "PolicyDocument": Object {
          "Statement": Array [
            Object {
              "Action": "ssm:GetParameter",
              "Effect": "Allow",
              "Resource": Object {
                "Fn::Join": Array [
                  "",
                  Array [
                    "arn:",
                    Object {
                      "Ref": "AWS::Partition",
                    },
                    ":ssm:eu-west-1:",
                    Object {
                      "Ref": "AWS::AccountId",
                    },
                    ":parameter/my/param",
                  ],
                ],
              },
            },
          ],
          "Version": "2012-10-17",
        },
        "PolicyName": "ParamReaderCustomResourcePolicy6D6224AD",
        "Roles": Array [
          Object {
            "Ref": "AWS679f53fac002430cb0da5b7982bd2287ServiceRoleC1EA0FF2",
          },
        ],
      },
      "Type": "AWS::IAM::Policy",
    },
    "ParamReaderDE9769DB": Object {
      "DeletionPolicy": "Delete",
      "DependsOn": Array [
        "ParamReaderCustomResourcePolicy6D6224AD",
      ],
      "Metadata": Object {
        "Nonce": "123",
      },
      "Properties": Object {
        "Create": "{\\"service\\":\\"SSM\\",\\"action\\":\\"getParameter\\",\\"parameters\\":{\\"Name\\":\\"/my/param\\"},\\"region\\":\\"eu-west-1\\",\\"physicalResourceId\\":{\\"id\\":\\"/my/param\\"}}",
        "InstallLatestAwsSdk": false,
        "ServiceToken": Object {
          "Fn::GetAtt": Array [
            "AWS679f53fac002430cb0da5b7982bd22872D164C4C",
            "Arn",
          ],
        },
        "Update": "{\\"service\\":\\"SSM\\",\\"action\\":\\"getParameter\\",\\"parameters\\":{\\"Name\\":\\"/my/param\\"},\\"region\\":\\"eu-west-1\\",\\"physicalResourceId\\":{\\"id\\":\\"/my/param\\"}}",
      },
      "Type": "Custom::AWS",
      "UpdateReplacePolicy": "Delete",
    },
  },
}
`;
